ADD + LDR foldable to immediate-offset LDR at offset: 0x0 <_main>: -> ldr x3, [x1, #0x10] (2 instructions)
  add x3, x1, #0x10
  ldr x3, [x3]

ADD + LDR foldable to immediate-offset LDR at offset: 0x8 <_main+0x8>: -> ldr w3, [x1, #0x10] (2 instructions)
  add x3, x1, #0x10
  ldr w3, [x3]

ADD + LDR foldable to immediate-offset LDR at offset: 0x10 <_main+0x10>: -> ldrb w3, [x1, #0x5] (2 instructions)
  add x3, x1, #0x5
  ldrb w3, [x3]

ADD + LDR foldable to immediate-offset LDR at offset: 0x18 <_main+0x18>: -> ldrh w3, [x1, #0x6] (2 instructions)
  add x3, x1, #0x6
  ldrh w3, [x3]

ADD + LDR foldable to immediate-offset LDR at offset: 0x20 <_main+0x20>: -> ldr x3, [sp, #0x20] (2 instructions)
  add x3, sp, #0x20
  ldr x3, [x3]

ADD + LDR foldable to immediate-offset LDR at offset: 0x28 <_main+0x28>: -> ldr x3, [x1, #0x1000] (2 instructions)
  add x3, x1, #0x1000
  ldr x3, [x3]

ADD + LDR foldable to immediate-offset LDR at offset: 0x30 <_main+0x30>: -> ldr x3, [x3, #0x10] (2 instructions)
  add x3, x3, #0x10
  ldr x3, [x3]

ADD + LDR foldable to immediate-offset LDR at offset: 0x38 <_main+0x38>: -> ldr x3, [x1, #0x18] (2 instructions)
  add x3, x1, #0x10
  ldr x3, [x3, #0x8]

ADD + LDR foldable to immediate-offset LDR at offset: 0x40 <_main+0x40>: -> ldur x3, [x1, #0x4] (2 instructions)
  add x3, x1, #0x4
  ldr x3, [x3]

ADD + LDR foldable to immediate-offset LDR at offset: 0x48 <_main+0x48>: -> ldur w3, [x1, #0x2] (2 instructions)
  add x3, x1, #0x2
  ldr w3, [x3]

ADD + LDR foldable to immediate-offset LDR at offset: 0x50 <_main+0x50>: -> ldr x3, [x1, #0x8] (2 instructions)
  add x3, x1, #0x10
  ldur x3, [x3, #-0x8]

ADD + LDR foldable to immediate-offset LDR at offset: 0x58 <_main+0x58>: -> ldur x3, [x1, #-0x10] (2 instructions)
  add x3, x1, #0x10
  ldur x3, [x3, #-0x20]

ADD + LDR foldable to immediate-offset LDR at offset: 0x60 <_main+0x60>: -> ldr x3, [x1] (2 instructions)
  add x3, x1, #0x18
  ldur x3, [x3, #-0x18]

ADD + LDR foldable to immediate-offset LDR at offset: 0x88 <_main+0x88>: -> ldr x7, [x1, #0x10] (2 instructions)
  add x3, x1, #0x10
  ldr x7, [x3]

ADD + LDR foldable to immediate-offset LDR at offset: 0xac <_main+0xac>: -> ldrsw x3, [x1, #0xc] (2 instructions)
  add x3, x1, #0x8
  ldrsw x3, [x3, #0x4]

ADD + LDR foldable to immediate-offset LDR at offset: 0xb4 <_main+0xb4>: -> ldr x8, [sp] (2 instructions)
  mov x8, sp
  ldr x8, [x8]

ADD + LDR foldable to immediate-offset LDR at offset: 0xbc <_main+0xbc>: -> ldr x8, [sp, #0x10] (2 instructions)
  mov x8, sp
  ldr x8, [x8, #0x10]

ADD + LDR foldable to immediate-offset LDR at offset: 0xc4 <_main+0xc4>: -> ldr x0, [sp] (2 instructions)
  mov x8, sp
  ldr x0, [x8]

ADD + STR foldable to immediate-offset STR at offset: 0xcc <_main+0xcc>: -> str x0, [x1, #0x10] (2 instructions)
  add x8, x1, #0x10
  str x0, [x8]

ADD + STR foldable to immediate-offset STR at offset: 0xd8 <_main+0xd8>: -> str x0, [sp, #0x20] (2 instructions)
  add x8, sp, #0x20
  str x0, [x8]

ADD + STR foldable to immediate-offset STR at offset: 0xe4 <_main+0xe4>: -> str xzr, [sp, #0x8] (2 instructions)
  mov x8, sp
  str xzr, [x8, #0x8]

ADD + STR foldable to immediate-offset STR at offset: 0xf0 <_main+0xf0>: -> str x0, [x1, #0x8] (2 instructions)
  add x8, x1, #0x10
  stur x0, [x8, #-0x8]

ADD + STR foldable to immediate-offset STR at offset: 0xfc <_main+0xfc>: -> stur x0, [x1, #0x4] (2 instructions)
  add x8, x1, #0x4
  str x0, [x8]

ADD + LDR foldable to immediate-offset LDR at offset: 0x108 <_main+0x108>: -> ldr q0, [x1, #0x10] (2 instructions)
  add x8, x1, #0x10
  ldr q0, [x8]

ADD + STR foldable to immediate-offset STR at offset: 0x114 <_main+0x114>: -> str d3, [x1, #0x18] (2 instructions)
  add x8, x1, #0x8
  str d3, [x8, #0x10]

ADD + STR foldable to immediate-offset STR at offset: 0x120 <_main+0x120>: -> str q0, [sp, #0x310] (2 instructions)
  add x8, sp, #0x2a8
  stur q0, [x8, #0x68]

ADD + LDR foldable to immediate-offset LDR at offset: 0x12c <_main+0x12c>: -> ldr q8, [x1, #0x10] (2 instructions)
  add x8, x1, #0x10
  ldr q8, [x8]

Optimization opportunities by type:
      20  ADD + LDR foldable to immediate-offset LDR
       7  ADD + STR foldable to immediate-offset STR

27 optimization opportunities in 91 instructions
