CSEL same-operand identity at offset: 0x0 <_main>: csel x0, x1, x1, eq -> mov x0, x1 (cond irrelevant: both branches = x1) (1 instructions)
  csel x0, x1, x1, eq

CSEL same-operand identity at offset: 0x4 <_main+0x4>: csel w2, w3, w3, ne -> mov w2, w3 (cond irrelevant: both branches = w3) (1 instructions)
  csel w2, w3, w3, ne

CSEL same-operand identity at offset: 0x8 <_main+0x8>: csel x4, x5, x5, lt -> mov x4, x5 (cond irrelevant: both branches = x5) (1 instructions)
  csel x4, x5, x5, lt

CSEL same-operand identity at offset: 0xc <_main+0xc>: csel w19, wzr, wzr, lo -> mov w19, #0 (cond irrelevant: both branches = wzr) (1 instructions)
  csel w19, wzr, wzr, lo

CSEL same-operand identity at offset: 0x10 <_main+0x10>: csel x20, xzr, xzr, eq -> mov x20, #0 (cond irrelevant: both branches = xzr) (1 instructions)
  csel x20, xzr, xzr, eq

Optimization opportunities by type:
       5  CSEL same-operand identity

5 optimization opportunities in 8 instructions
