CMP #0 of a live CSET is redundant at offset: 0x4 <_main+0x4>: -> drop the zero-test; csel w2, w3, w4, ge (3 instructions)
  cset w8, lt
  cmp w8, #0
  csel w2, w3, w4, eq

CMP #0 of a live CSET is redundant at offset: 0x14 <_main+0x14>: -> drop the zero-test; csel x2, x3, x4, hi (3 instructions)
  cset w9, hi
  cmp w9, #0
  csel x2, x3, x4, ne

CMP #0 of a live CSET is redundant at offset: 0x7c <_main+0x7c>: -> drop the zero-test; csel w2, w3, w4, ge (4 instructions)
  cset w8, lt
  cmp w8, #0
  csel w2, w3, w4, eq

Optimization opportunities by type:
       3  CMP #0 of a live CSET is redundant

3 optimization opportunities in 37 instructions
