CMP #0 of a live CSET is redundant at offset: 0x4 <_main+0x4>: -> drop the zero-test; csel w2, w3, w4, ge (3 instructions)
  cset w8, lt
  cmp w8, #0
  csel w2, w3, w4, eq

register write overwritten unread at offset: 0xc <_main+0xc>: -> delete; w2 is overwritten before any read (1 instructions)
  csel w2, w3, w4, eq
  ... 3 instructions ...
  csel x2, x3, x4, ne

CMP #0 of a live CSET is redundant at offset: 0x14 <_main+0x14>: -> drop the zero-test; csel x2, x3, x4, hi (3 instructions)
  cset w9, hi
  cmp w9, #0
  csel x2, x3, x4, ne

register write overwritten unread at offset: 0x2c <_main+0x2c>: -> delete; w2 is overwritten before any read (1 instructions)
  csel w2, w3, w4, lt
  ... 3 instructions ...
  csel w2, w3, w4, eq

CMP #0 of a live CSET is redundant at offset: 0x7c <_main+0x7c>: -> drop the zero-test; csel w2, w3, w4, ge (4 instructions)
  cset w8, lt
  cmp w8, #0
  csel w2, w3, w4, eq

Optimization opportunities by type:
       3  CMP #0 of a live CSET is redundant
       2  register write overwritten unread

5 optimization opportunities in 37 instructions
