conditional skip over B foldable into an inverted branch at offset: 0x0: -> b.ne 0x9c (2 instructions)
  b.eq #8
  b #0x9c

conditional skip over B foldable into an inverted branch at offset: 0x10: -> b.ge 0xc (2 instructions)
  b.lt #0x18
  b #0xc

conditional skip over B foldable into an inverted branch at offset: 0x1c: -> cbnz w3, 0x9c (2 instructions)
  cbz w3, #0x24
  b #0x9c

conditional skip over B foldable into an inverted branch at offset: 0x28: -> cbz x5, 0x9c (2 instructions)
  cbnz x5, #0x30
  b #0x9c

conditional skip over B foldable into an inverted branch at offset: 0x34: -> tbz x4, #63, 0x9c (2 instructions)
  tbnz x4, #0x3f, #0x3c
  b #0x9c

conditional skip over B foldable into an inverted branch at offset: 0x40: -> tbnz w1, #5, 0x9c (2 instructions)
  tbz w1, #5, #0x48
  b #0x9c

Optimization opportunities by type:
       6  conditional skip over B foldable into an inverted branch

6 optimization opportunities in 40 instructions
