load + SCVTF/UCVTF via GPR foldable to FP load + convert at offset: 0x0: -> ldr s0, [x1] ; scvtf s0, s0 (2 instructions)
  ldr w8, [x1]
  scvtf s0, w8

load + SCVTF/UCVTF via GPR foldable to FP load + convert at offset: 0xc: -> ldr s0, [x1, #0x4] ; ucvtf s0, s0 (2 instructions)
  ldr w8, [x1, #4]
  ucvtf s0, w8

load + SCVTF/UCVTF via GPR foldable to FP load + convert at offset: 0x18: -> ldr d0, [x1, #0x8] ; scvtf d0, d0 (2 instructions)
  ldr x8, [x1, #8]
  scvtf d0, x8

load + SCVTF/UCVTF via GPR foldable to FP load + convert at offset: 0x24: -> ldr s0, [sp] ; scvtf s0, s0 (2 instructions)
  ldr w8, [sp]
  scvtf s0, w8

Optimization opportunities by type:
       4  load + SCVTF/UCVTF via GPR foldable to FP load + convert

4 optimization opportunities in 21 instructions
