load + sign-extend foldable to LDRSB/LDRSH/LDRSW at offset: 0x0: -> ldrsb w3, [x1] (2 instructions)
  ldrb w3, [x1]
  sxtb w3, w3

load + sign-extend foldable to LDRSB/LDRSH/LDRSW at offset: 0x8: -> ldrsb x3, [x1] (2 instructions)
  ldrb w3, [x1]
  sxtb x3, w3

load + sign-extend foldable to LDRSB/LDRSH/LDRSW at offset: 0x10: -> ldrsh w4, [x1, #0x2] (2 instructions)
  ldrh w4, [x1, #2]
  sxth w4, w4

load + sign-extend foldable to LDRSB/LDRSH/LDRSW at offset: 0x18: -> ldrsw x2, [sp, #0x4] (2 instructions)
  ldr w2, [sp, #4]
  sxtw x2, w2

load + sign-extend foldable to LDRSB/LDRSH/LDRSW at offset: 0x38: -> ldrsb x8, [x9] (2 instructions)
  ldrsb w8, [x9]
  sxtb x8, w8

load + sign-extend foldable to LDRSB/LDRSH/LDRSW at offset: 0x40: -> ldrsb x8, [x9] (2 instructions)
  ldrsb w8, [x9]
  sxtw x8, w8

load + sign-extend foldable to LDRSB/LDRSH/LDRSW at offset: 0x48: -> ldrsh x8, [x9, #0x2] (2 instructions)
  ldrsh w8, [x9, #2]
  sxth x8, w8

redundant sign-extension after sign-extending op at offset: 0x58: sxtb w8, w8 is a no-op (sign already extended from bit 7) (2 instructions)
  ldrsb w8, [x9]
  sxtb w8, w8

Optimization opportunities by type:
       7  load + sign-extend foldable to LDRSB/LDRSH/LDRSW
       1  redundant sign-extension after sign-extending op

8 optimization opportunities in 25 instructions
