shift foldable into shifted-register form at offset: 0x0: -> add x0, x4, x1, lsl #3 (2 instructions)
  lsl x0, x1, #3
  add x0, x4, x0

shift foldable into shifted-register form at offset: 0x8: -> and x5, x7, x6, lsl #4 (2 instructions)
  lsl x5, x6, #4
  and x5, x7, x5

shift foldable into shifted-register form at offset: 0x10: -> sub w8, w11, w9, lsl #2 (2 instructions)
  lsl w8, w9, #2
  sub w8, w11, w8

shift foldable into shifted-register form at offset: 0x34: -> add x0, x4, x1, lsl #3 (2 instructions)
  lsl x0, x1, #3
  add x0, x0, x4

shift foldable into shifted-register form at offset: 0x4c: -> add x0, x4, x1, lsr #4 (2 instructions)
  lsr x0, x1, #4
  add x0, x4, x0

shift foldable into shifted-register form at offset: 0x54: -> sub w8, w11, w9, asr #3 (2 instructions)
  asr w8, w9, #3
  sub w8, w11, w8

shift foldable into shifted-register form at offset: 0x5c: -> orr w0, w4, w1, ror #5 (2 instructions)
  ror w0, w1, #5
  orr w0, w4, w0

shift foldable into shifted-register form at offset: 0x74: -> and x27, x28, x26, lsl #4 (2 instructions)
  lsl x25, x26, #4
  and x27, x28, x25

Optimization opportunities by type:
       8  shift foldable into shifted-register form

8 optimization opportunities in 37 instructions
