MUL + ADD/SUB foldable to MADD/MSUB at offset: 0x0 <_main>: -> madd x3, x1, x2, x4 (2 instructions)
  mul x3, x1, x2
  add x3, x3, x4

register write overwritten unread at offset: 0x4 <_main+0x4>: -> delete; x3 is overwritten before any read (1 instructions)
  add x3, x3, x4
  mul x3, x1, x2

MUL + ADD/SUB foldable to MADD/MSUB at offset: 0x8 <_main+0x8>: -> madd x3, x1, x2, x4 (2 instructions)
  mul x3, x1, x2
  add x3, x4, x3

register write overwritten unread at offset: 0xc <_main+0xc>: -> delete; x3 is overwritten before any read (1 instructions)
  add x3, x4, x3
  mul w3, w1, w2

MUL + ADD/SUB foldable to MADD/MSUB at offset: 0x10 <_main+0x10>: -> madd w3, w1, w2, w4 (2 instructions)
  mul w3, w1, w2
  add w3, w3, w4

register write overwritten unread at offset: 0x14 <_main+0x14>: -> delete; w3 is overwritten before any read (1 instructions)
  add w3, w3, w4
  mul x3, x1, x2

MUL + ADD/SUB foldable to MADD/MSUB at offset: 0x18 <_main+0x18>: -> msub x3, x1, x2, x4 (2 instructions)
  mul x3, x1, x2
  sub x3, x4, x3

MUL + ADD/SUB foldable to MADD/MSUB at offset: 0x20 <_main+0x20>: -> madd x3, x3, x2, x4 (2 instructions)
  mul x3, x3, x2
  add x3, x3, x4

register write overwritten unread at offset: 0x24 <_main+0x24>: -> delete; x3 is overwritten before any read (1 instructions)
  add x3, x3, x4
  mul x3, x1, x1

MUL + ADD/SUB foldable to MADD/MSUB at offset: 0x28 <_main+0x28>: -> madd x3, x1, x1, x4 (2 instructions)
  mul x3, x1, x1
  add x3, x3, x4

register write overwritten unread at offset: 0x2c <_main+0x2c>: -> delete; x3 is overwritten before any read (1 instructions)
  add x3, x3, x4
  mul x3, x1, x2

MUL + NEG foldable to MNEG at offset: 0x30 <_main+0x30>: -> mneg x3, x1, x2 (2 instructions)
  mul x3, x1, x2
  neg x3, x3

register write overwritten unread at offset: 0x34 <_main+0x34>: -> delete; x3 is overwritten before any read (1 instructions)
  neg x3, x3
  mul x3, x1, x2

register write overwritten unread at offset: 0x3c <_main+0x3c>: -> delete; x3 is overwritten before any read (1 instructions)
  sub x3, x3, x4
  mul x3, x1, x2

MUL + ADD/SUB foldable to MADD/MSUB at offset: 0x48 <_main+0x48>: -> madd x5, x1, x2, x4 (2 instructions)
  mul x3, x1, x2
  add x5, x3, x4

register already holds the recomputed value at offset: 0x50 <_main+0x50>: -> delete; x3 already holds this value (set 0x8 bytes back) (1 instructions)
  mul x3, x1, x2
  mul x3, x1, x2

register write overwritten unread at offset: 0x54 <_main+0x54>: -> delete; x3 is overwritten before any read (1 instructions)
  add x3, x3, x3
  mul x3, x1, x2

register write overwritten unread at offset: 0x5c <_main+0x5c>: -> delete; x3 is overwritten before any read (1 instructions)
  add x3, x3, x4, lsl #1
  mul x3, x1, x2

register write overwritten unread at offset: 0x68 <_main+0x68>: -> delete; x3 is overwritten before any read (1 instructions)
  add x3, x3, x4
  mul x3, x1, x2

register write overwritten unread at offset: 0x64 <_main+0x64>: -> delete; x5 is overwritten before any read (1 instructions)
  add x5, x5, x6
  ... 2 instructions ...
  add x5, x3, x4

Optimization opportunities by type:
      11  register write overwritten unread
       7  MUL + ADD/SUB foldable to MADD/MSUB
       1  MUL + NEG foldable to MNEG
       1  register already holds the recomputed value

20 optimization opportunities in 32 instructions
