NEG + ADD/SUB foldable to SUB/ADD at offset: 0x0: -> sub x3, x2, x1 (2 instructions)
  neg x3, x1
  add x3, x2, x3

NEG + ADD/SUB foldable to SUB/ADD at offset: 0x8: -> sub x3, x2, x1 (2 instructions)
  neg x3, x1
  add x3, x3, x2

NEG + ADD/SUB foldable to SUB/ADD at offset: 0x10: -> sub w3, w2, w1 (2 instructions)
  neg w3, w1
  add w3, w2, w3

NEG + ADD/SUB foldable to SUB/ADD at offset: 0x18: -> add x3, x2, x1 (2 instructions)
  neg x3, x1
  sub x3, x2, x3

NEG + ADD/SUB foldable to SUB/ADD at offset: 0x30: -> sub x5, x2, x1 (2 instructions)
  neg x3, x1
  add x5, x2, x3

Optimization opportunities by type:
       5  NEG + ADD/SUB foldable to SUB/ADD

5 optimization opportunities in 28 instructions
