LR spill without PACIASP/PACIBSP (PAC audit) at offset: 0x28 <_main+0x28>: -> pacibsp before the spill (1 instructions)
  stp x29, x30, [sp, #-0x10]!

LR spill without PACIASP/PACIBSP (PAC audit) at offset: 0x34 <_main+0x34>: -> pacibsp before the spill (1 instructions)
  str x30, [sp, #8]

LR spill without PACIASP/PACIBSP (PAC audit) at offset: 0x44 <_main+0x44>: -> pacibsp before the spill (1 instructions)
  stp x29, x30, [sp, #-0x10]!

unauthenticated BR/BLR (PAC audit) at offset: 0x58 <_main+0x58>: -> blraaz x8 (verify the discriminator) (1 instructions)
  blr x8

unauthenticated BR/BLR (PAC audit) at offset: 0x5c <_main+0x5c>: -> braaz x9 (verify: not a recognized jump table) (1 instructions)
  br x9

Optimization opportunities by type:
       3  LR spill without PACIASP/PACIBSP (PAC audit)
       2  unauthenticated BR/BLR (PAC audit)

5 optimization opportunities in 24 instructions
