EOR + EOR foldable to EOR3 (SHA3) at offset: 0x0 <_main>: -> eor3 v0.16b, v1.16b, v2.16b, v3.16b (2 instructions)
  eor v0.16b, v1.16b, v2.16b
  eor v0.16b, v0.16b, v3.16b

EOR + EOR foldable to EOR3 (SHA3) at offset: 0x8 <_main+0x8>: -> eor3 v4.16b, v5.16b, v6.16b, v7.16b (2 instructions)
  eor v4.16b, v5.16b, v6.16b
  eor v4.16b, v7.16b, v4.16b

EOR + EOR foldable to EOR3 (SHA3) at offset: 0x10 <_main+0x10>: -> eor3 v8.16b, v8.16b, v9.16b, v10.16b (2 instructions)
  eor v8.16b, v8.16b, v9.16b
  eor v8.16b, v8.16b, v10.16b

BIC + EOR foldable to BCAX (SHA3) at offset: 0x18 <_main+0x18>: -> bcax v11.16b, v14.16b, v12.16b, v13.16b (2 instructions)
  bic v11.16b, v12.16b, v13.16b
  eor v11.16b, v14.16b, v11.16b

EOR + EOR foldable to EOR3 (SHA3) at offset: 0x40 <_main+0x40>: -> eor3 v5.16b, v2.16b, v3.16b, v4.16b (2 instructions)
  eor v1.16b, v2.16b, v3.16b
  eor v5.16b, v1.16b, v4.16b

Optimization opportunities by type:
       4  EOR + EOR foldable to EOR3 (SHA3)
       1  BIC + EOR foldable to BCAX (SHA3)

5 optimization opportunities in 26 instructions
