SUB + CMP of identical operands foldable to SUBS at offset: 0x0: -> subs x0, x1, x2 (drop cmp x1, x2) (2 instructions)
  sub x0, x1, x2
  cmp x1, x2

SUB + CMP of identical operands foldable to SUBS at offset: 0x8: -> subs x0, x3, x4 (drop cmp x3, x4) (2 instructions)
  cmp x3, x4
  sub x0, x3, x4

SUB + CMP of identical operands foldable to SUBS at offset: 0x10: -> subs w0, w1, w2 (drop cmp w1, w2) (2 instructions)
  sub w0, w1, w2
  cmp w1, w2

SUB + CMP of identical operands foldable to SUBS at offset: 0x18: -> subs x0, x1, x2, lsl #3 (drop cmp x1, x2, lsl #3) (2 instructions)
  sub x0, x1, x2, lsl #3
  cmp x1, x2, lsl #3

SUB + CMP of identical operands foldable to SUBS at offset: 0x20: -> subs x0, x1, #0x10 (drop cmp x1, #0x10) (2 instructions)
  sub x0, x1, #0x10
  cmp x1, #0x10

SUB + CMP of identical operands foldable to SUBS at offset: 0x28: -> subs x0, x1, w2, uxtw (drop cmp x1, w2, uxtw) (2 instructions)
  sub x0, x1, w2, uxtw
  cmp x1, w2, uxtw

SUB + CMP of identical operands foldable to SUBS at offset: 0x30: -> subs x1, x1, x2 (drop cmp x1, x2) (2 instructions)
  cmp x1, x2
  sub x1, x1, x2

ADD + CMN of identical operands foldable to ADDS at offset: 0x58: -> adds x0, x1, x2 (drop cmn x1, x2) (2 instructions)
  add x0, x1, x2
  cmn x1, x2

ADD + CMN of identical operands foldable to ADDS at offset: 0x60: -> adds w0, w3, w4 (drop cmn w3, w4) (2 instructions)
  cmn w3, w4
  add w0, w3, w4

ADD + CMN of identical operands foldable to ADDS at offset: 0x68: -> adds x0, x1, #0x10 (drop cmn x1, #0x10) (2 instructions)
  add x0, x1, #0x10
  cmn x1, #0x10

ADD + CMN of identical operands foldable to ADDS at offset: 0x70: -> adds x0, x5, x6 (drop cmn x6, x5) (2 instructions)
  add x0, x5, x6
  cmn x6, x5

ADD + CMN of identical operands foldable to ADDS at offset: 0x78: -> adds x0, x7, x8 (drop cmn x8, x7) (2 instructions)
  cmn x8, x7
  add x0, x7, x8

Optimization opportunities by type:
       7  SUB + CMP of identical operands foldable to SUBS
       5  ADD + CMN of identical operands foldable to ADDS

12 optimization opportunities in 37 instructions
