TST+B.EQ/NE foldable into TBZ/TBNZ at offset: 0x0 <_main>: -> tbz x0, #3, 0x30 (2 instructions)
  tst x0, #0x8
  b.eq 0x30

TST+B.EQ/NE foldable into TBZ/TBNZ at offset: 0x8 <_main+0x8>: -> tbnz x1, #4, 0x30 (2 instructions)
  tst x1, #0x10
  b.ne 0x30

TST+B.EQ/NE foldable into TBZ/TBNZ at offset: 0x10 <_main+0x10>: -> tbz x2, #63, 0x30 (2 instructions)
  tst x2, #0x8000000000000000
  b.eq 0x30

TST+B.EQ/NE foldable into TBZ/TBNZ at offset: 0x18 <_main+0x18>: -> tbnz w3, #31, 0x30 (2 instructions)
  tst w3, #0x80000000
  b.ne 0x30

branch to the next instruction is a no-op at offset: 0x2c <_main+0x2c>: -> delete: control falls through either way (1 instructions)
  b.lt #0x30

Optimization opportunities by type:
       4  TST+B.EQ/NE foldable into TBZ/TBNZ
       1  branch to the next instruction is a no-op

5 optimization opportunities in 13 instructions
