compare-zero branch foldable into CBZ/CBNZ at offset: 0x4 <_main+0x4>: -> cbz x0, 0x104 (2 instructions)
  cmp x0, #0
  b.eq 0x104

ADD/SUB/AND/BIC + zero-CMP foldable to S-variant at offset: 0x0 <_main>: -> adds x0, x1, x2 (drop cmp x0, #0) (2 instructions)
  add x0, x1, x2
  cmp x0, #0

compare-zero branch foldable into CBZ/CBNZ at offset: 0x10 <_main+0x10>: -> cbnz x0, 0x104 (2 instructions)
  cmp x0, #0
  b.ne 0x104

ADD/SUB/AND/BIC + zero-CMP foldable to S-variant at offset: 0xc <_main+0xc>: -> subs x0, x1, x2 (drop cmp x0, #0) (2 instructions)
  sub x0, x1, x2
  cmp x0, #0

compare-zero branch foldable into CBZ/CBNZ at offset: 0x1c <_main+0x1c>: -> cbz w0, 0x104 (2 instructions)
  cmp w0, #0
  b.eq 0x104

ADD/SUB/AND/BIC + zero-CMP foldable to S-variant at offset: 0x18 <_main+0x18>: -> adds w0, w1, #0x10 (drop cmp w0, #0) (2 instructions)
  add w0, w1, #0x10
  cmp w0, #0

compare-zero branch foldable into CBZ/CBNZ at offset: 0x28 <_main+0x28>: -> cbz x0, 0x104 (2 instructions)
  cmp x0, #0
  b.eq 0x104

ADD/SUB/AND/BIC + zero-CMP foldable to S-variant at offset: 0x24 <_main+0x24>: -> adds x0, x1, w2, uxtw (drop cmp x0, #0) (2 instructions)
  add x0, x1, w2, uxtw
  cmp x0, #0

ADD/SUB/AND/BIC + zero-CMP foldable to S-variant at offset: 0x30 <_main+0x30>: -> ands w0, w1, w2 (drop tst w0, w0) (2 instructions)
  and w0, w1, w2
  tst w0, w0

compare-zero branch foldable into CBZ/CBNZ at offset: 0x34 <_main+0x34>: -> cbz w0, 0x104 (2 instructions)
  tst w0, w0
  b.eq 0x104

compare-zero branch foldable into CBZ/CBNZ at offset: 0x40 <_main+0x40>: -> cbnz x0, 0x104 (2 instructions)
  cmp x0, #0
  b.ne 0x104

ADD/SUB/AND/BIC + zero-CMP foldable to S-variant at offset: 0x3c <_main+0x3c>: -> ands x0, x1, #0xff (drop cmp x0, #0) (2 instructions)
  and x0, x1, #0xff
  cmp x0, #0

compare-zero branch foldable into CBZ/CBNZ at offset: 0x4c <_main+0x4c>: -> cbz w0, 0x104 (2 instructions)
  cmp w0, #0
  b.eq 0x104

ADD/SUB/AND/BIC + zero-CMP foldable to S-variant at offset: 0x48 <_main+0x48>: -> bics w0, w1, w2 (drop cmp w0, #0) (2 instructions)
  bic w0, w1, w2
  cmp w0, #0

compare-zero branch foldable into CBZ/CBNZ at offset: 0x58 <_main+0x58>: -> cbz x0, 0x104 (2 instructions)
  cmp x0, #0
  b.eq 0x104

ADD/SUB/AND/BIC + zero-CMP foldable to S-variant at offset: 0x54 <_main+0x54>: -> negs x0, x1 (drop cmp x0, #0) (2 instructions)
  neg x0, x1
  cmp x0, #0

compare-zero branch foldable into CBZ/CBNZ at offset: 0x64 <_main+0x64>: -> cbz x5, 0x104 (2 instructions)
  cmp x5, #0
  b.eq 0x104

compare-zero branch foldable into CBZ/CBNZ at offset: 0x70 <_main+0x70>: -> cbz x0, 0x104 (2 instructions)
  cmp x0, #0
  b.eq 0x104

compare-zero branch foldable into CBZ/CBNZ at offset: 0x7c <_main+0x7c>: -> cbz x0, 0x104 (2 instructions)
  cmp x0, #0
  b.eq 0x104

compare-zero branch foldable into CBZ/CBNZ at offset: 0x9c <_main+0x9c>: -> cbz w0, 0x104 (2 instructions)
  cmp w0, #0
  b.eq 0x104

ADD/SUB/AND/BIC + zero-CMP foldable to S-variant at offset: 0x94 <_main+0x94>: -> ands w0, w0, #0x200 (drop cmp w0, #0) (3 instructions)
  and w0, w0, #0x200
  ldr w1, [x2]
  cmp w0, #0

ADD/SUB/AND/BIC + zero-CMP foldable to S-variant at offset: 0xa4 <_main+0xa4>: -> ands w0, w1, w2 (drop cmp w0, #0) (2 instructions)
  and w0, w1, w2
  cmp w0, #0

ADD/SUB/AND/BIC + zero-CMP foldable to S-variant at offset: 0xb0 <_main+0xb0>: -> ands w0, w1, w2 (drop cmp w0, #0) (2 instructions)
  and w0, w1, w2
  cmp w0, #0

compare whose flags are overwritten unread at offset: 0xb8 <_main+0xb8>: -> delete; NZCV overwritten unread by cmp w0, #0 (1 instructions)
  ccmp w3, w4, #0, eq

compare-zero signed-branch foldable into TBZ/TBNZ at offset: 0xc0 <_main+0xc0>: -> tbz w0, #31, 0x104 (2 instructions)
  cmp w0, #0
  b.ge 0x104

ADD/SUB/AND/BIC + zero-CMP foldable to S-variant at offset: 0xbc <_main+0xbc>: -> ands w0, w1, #0xff0 (drop cmp w0, #0) (2 instructions)
  and w0, w1, #0xff0
  cmp w0, #0

compare whose flags are overwritten unread at offset: 0xd8 <_main+0xd8>: -> delete; NZCV overwritten unread by cmp w0, #0 (1 instructions)
  cmp w5, #0

compare-zero branch foldable into CBZ/CBNZ at offset: 0xdc <_main+0xdc>: -> cbz w0, 0x104 (2 instructions)
  cmp w0, #0
  b.eq 0x104

compare-zero branch foldable into CBZ/CBNZ at offset: 0xec <_main+0xec>: -> cbz w0, 0x104 (2 instructions)
  cmp w0, #0
  b.eq 0x104

branch to the next instruction is a no-op at offset: 0x100 <_main+0x100>: -> delete: control falls through either way (1 instructions)
  b.eq #0x104

compare-zero branch foldable into CBZ/CBNZ at offset: 0xfc <_main+0xfc>: -> cbz w0, 0x104 (2 instructions)
  cmp w0, #0
  b.eq 0x104

Optimization opportunities by type:
      15  compare-zero branch foldable into CBZ/CBNZ
      12  ADD/SUB/AND/BIC + zero-CMP foldable to S-variant
       2  compare whose flags are overwritten unread
       1  branch to the next instruction is a no-op
       1  compare-zero signed-branch foldable into TBZ/TBNZ

31 optimization opportunities in 66 instructions
